<html>
<body>
<pre>
<h1>µVision Build Log</h1>
<h2>Tool Versions:</h2>
IDE-Version: ¦ÌVision V5.35.0.0
Copyright (C) 2021 ARM Ltd and ARM Germany GmbH. All rights reserved.
License Information: w d, s, LIC=47GU5-GLHI2-EV81R-KALNC-9BMKP-K4EZ9
 
Tool Versions:
Toolchain:       MDK-ARM Plus  Version: 5.35.0.2
Toolchain Path:  D:\Keil_v5\ARM\ARMCC\Bin
C Compiler:      Armcc.exe V5.06 update 7 (build 960)
Assembler:       Armasm.exe V5.06 update 7 (build 960)
Linker/Locator:  ArmLink.exe V5.06 update 7 (build 960)
Library Manager: ArmAr.exe V5.06 update 7 (build 960)
Hex Converter:   FromElf.exe V5.06 update 7 (build 960)
CPU DLL:         SARMCM3.DLL V5.35.0.2
Dialog DLL:      DCM.DLL V1.17.3.0
Target DLL:      STLink\ST-LINKIII-KEIL_SWO.dll V3.0.9.0
Dialog DLL:      TCM.DLL V1.53.0.0
 
<h2>Project:</h2>
F:\STM32\STM32-Sample\STM32-Sample\STM32F405RGT6\STM32-ADC\STM32-ADC-MultiChannelSingleSampleDMA\MDK-ARM\STM32-ADC-MultiChannelSingleSampleDMA.uvprojx
Project File Date:  08/16/2022

<h2>Output:</h2>
*** Using Compiler 'V5.06 update 7 (build 960)', folder: 'D:\Keil_v5\ARM\ARMCC\Bin'
Build target 'STM32-ADC-MultiChannelSingleSampleDMA'
compiling main.c...
../Core/Src/main.c(108): warning:  #167-D: argument of type "volatile uint32_t *" is incompatible with parameter of type "uint32_t *"
  	HAL_ADC_Start_DMA(&hadc1,ADC_Value,5);//
../Core/Src/main.c(118): warning:  #167-D: argument of type "volatile uint32_t *" is incompatible with parameter of type "uint32_t *"
  			HAL_ADC_Start_DMA(&hadc1,ADC_Value,5);//
../Core/Src/main.c: 2 warnings, 0 errors
linking...
Program Size: Code=6054 RO-data=450 RW-data=20 ZI-data=1804  
FromELF: creating hex file...
"STM32-ADC-MultiChannelSingleSampleDMA\STM32-ADC-MultiChannelSingleSampleDMA.axf" - 0 Error(s), 2 Warning(s).

<h2>Software Packages used:</h2>

Package Vendor: ARM
                http://www.keil.com/pack/ARM.CMSIS.5.8.0.pack
                ARM.CMSIS.5.8.0
                CMSIS (Common Microcontroller Software Interface Standard)
   * Component: CORE Version: 5.5.0

Package Vendor: Keil
                http://www.keil.com/pack/Keil.STM32F4xx_DFP.2.15.0.pack
                Keil.STM32F4xx_DFP.2.15.0
                STMicroelectronics STM32F4 Series Device Support, Drivers and Examples

<h2>Collection of Component include folders:</h2>
  .\RTE\_STM32-ADC-MultiChannelSingleSampleDMA
  D:\Users\admin\AppData\Local\Arm\Packs\ARM\CMSIS\5.8.0\CMSIS\Core\Include
  D:\Users\admin\AppData\Local\Arm\Packs\Keil\STM32F4xx_DFP\2.15.0\Drivers\CMSIS\Device\ST\STM32F4xx\Include

<h2>Collection of Component Files used:</h2>

   * Component: ARM::CMSIS:CORE:5.5.0
Build Time Elapsed:  00:00:02
</pre>
</body>
</html>
